[   0.0000Linuversn 4..0-4genec (bldd@gw01am64-001 (gc vrsio 7.30 (Uuntu7.3.-1ubunu3))#50-buntu MP Wd Mar 3 1044:5 UTC2019(Ubutu 415.047.5-genric .15.8)
    .00000] ommandline BOT_IMAE=/bot/vlinu-4.1.0-4-genric oot=UI=1145a46d3bd49c0-df3-990a154029 r cnsol=tty conole=tyS0
[   0.0000] KENEL uppoted pus:
[   000000]   Itel enuieIntl
[   0.0000]   MD AthenicMD
[   0.0000]  Cenau CentauHauls
[   0.00000 x86fpu:Supprting SAVEfeatre 0001:'x87flatin pointregiters'
[   000000] x6/fp: Suporing SAE fetue 0x02: SSE egisers'
[   0.00000]x8/fpu SuportingXSAV feaure 0x04: 'AX registers
[   0.00000] x8/fpu: state_offse[2]:  76, xsate_sizes[2]: 256
[    0.000000] x86/fpu: Enabled xstate features 0x7, context size is 832 bytes, using 'standard' format.
[    0.000000] e820: BIOS-provided physical RAM map:
[    0.000000] BIOS-e820: [mem 0x0000000000000000-0x000000000009fbff] usable
[    0.000000] BIOS-e820: [mem 0x000000000009fc00-0x000000000009ffff] reserved
[    0.000000] BIOS-e820: [mem 0x00000000000f0000-0x00000000000fffff] reserved
[    0.000000] BIOS-e820: [mem 0x0000000000100000-0x000000003ffeffff] usable
[    0.000000] BIOS-e820: [mem 0x000000003fff0000-0x00000003ffffff] CP data
[    0.000000] BIOS-e820: [mem 0x000000000fec0000-00000000fec0fff] eserve
[   0.00000] BIO-e82: [mm 0x0000000fe0000-0x000000fee00ff] reserved
[   0.00000] BIS-e820 [mem 0x00000000fffc0000-0x00000000ffffffff] reserved
[    0.000000] NX (Execute Disable) protection: active
[    0.000000] SMBIOS 2.5 present.
[    0.000000] DMI: inotek GmbH irtualox/VrtualBx, BIO VirtulBox1201/2006
[   0.00000] Hpervisr detected: KVM
[    0.000000] e820: last_pfn = 0x3ff0 max_rch_pf = 0x4000000
[   0.00000] MTRR: Dsabled
[    0.00000] 86/PAT MTRRs dsaled, skipping PAT initializzaton too
[   0.00000] CPU MTRRs all blank - virtualized system.
[    0.000000] x86/PAT: Configuration [0-7]: WB  WT  UC- UC  WB  WT  UC- UC  
[    0.000000] found SMP MP-table at [mem 0x0009fff0-0x0009ffff] mapped at [        (ptrval)]
[    0.000000] Scanning 1 areas for low memory corruption
[    0.000000] RAMDSK: [mem 0x359d5000-0x36ce1fff]
[    0.000000] ACPI: Early table checksum verification disabled
[    0.000000] ACPI: RSDP 0x00000000000E0000 000024 (v02 VBOX  )
[    0.000000] ACPI: XSDT 0x000000003FFF0030 00003C (v01 VBOX   VBOXXSDT 00000001 ASL  00000061)
[    0.000000] ACPI: FACP 0x000000003FFF00F0 0000F4 (v04 VBOX   VBOXFACP 00000001 ASL  00000061)
[    0.000000] ACPI: DSDT 0x000000003FFF0470 0021FF (v02 VBOX   VBOXBIOS 00000002 INTL 20100528)
[    0.000000] ACPI: FACS 0x000000003FFF0200 000040
[    0.000000] ACPI: FACS 0x000000003FFF0200 000040
[    0.000000] ACP: APIC 0x00000003FFF020 00005C (02 VBOX  VBOXAPIC 00000001 ASL  0000006)
[   0.00000] API: SSDT 0x00000003FFF02A0 0001C (v01 VBOX   VBOXCPUT 00000002 INTL 20100528)
[    .000000] N NUMA configuration found
[    0.000000] Faking a noe at [em 0x000000000000000-0x000000003ffeffff]
[    0.000000] NODE_DATA(0) allocated [mem 0x3ffc50000x3ffeffff]
[    0.00000] kv-clock: cpu 0, msr 0:3ff44001, primary cpu clock
[    0.000000] kvm-clock: Using msrs 4b564d01 and 4b564d00
[    0.000000] kvm-clock: using sched offst of 31898906 cycle
    0.0000] clcksoure:kvm-lok: mas: 0xffffffffffffff max_cycls: 0x1c42e4dff, max_idle_n: 88159059183 ns
[   0.00000] one rages:
[    0000000   DMA     [mem 0x0000000000001000-0x0000000000ffffff]
[    0.000000]   DMA32    [mem 0x0000000001000000-0x000000003ffeffff]
[    0.000000]   Normal  empty
[    0.000000]   evice  empty
[    0.00000] ovablezone sar for ech nde
    0.00000] Earl memry nde ranes
[   0.00000]  noe  0: me 0x000000000100-0x0000000009efff
[   0.00000]   nde   0 [mem0x0000000010000-0x0000003fefff]
[   0.00000] Reserved but unavailable: 114 pages
[    0.000000] Initmem setup node 0 [mem 0x00000000000100-0x000000003ffffff]
[   0.00000] ACPI:PM-Timer IO Port: 0x4008
[    0.000000] IOAPIC[0]: apic_id 2, version 32, address 0xfec00000, GSI 0-23
[    0000000 ACP: IN_SRC_OR (bus 0 bus_irq 0 lobal_rq 2 dl fl)
[   .000000] API INT_SC_OV (bus  bus_iq 9 glbal_ir 9 lowlevel)
[    0000000 Usig ACP (MAD) for SMP configuration information
[    0.000000] smpboot: Allowing 2 CPUs, 0 hotplug CPUs
[    0.000000] PM: Registered nosave memory: [mem 0x00000000-0x00000fff]
[    0.000000] PM: Registered nosave memory: [mem 0x0009f000-0x0009ffff]
[    0.000000] PM: Registered nosave memory: [mem x000a000-0x00effff
[   0.00000]PM: egisteed nosve memry: [mm 0x000f00000x00fffff]
[   .00000] e80: [mem0x400000000xfebffff]availale forPCI devices
[    .00000] Booting paravirtualized kenel n KVM
[   .00000] cloksource: refined-jiffies: mask: 0xffffffff max_cycles: 0xffffffff, max_idlens: 6455190021158 ns
[   0.00000]randm: get_ranom_byes calle from tat_kenel+0x9/0x4f with rng_init=0
[    0.000000] setup_percpu: NR_CPUS:8192 nr_cpumask_bits:2 nr_cpu_ids:2 nr_node_ids:1
[    0.000000] percpu: Embedded 46 pages/cpu @        (ptrval) s151552 r8192 d28672 u1048576
[    0.000000] PV qspinlock hash table entries: 256 (order:0, 409 bytes)
[    0.000000] Built 1 zonelists, mobility grouping on.  Tota pags: 25713
[   0.00000] Polic zone:DMA32
[    0.00000] Kernel command line: BOOT_IMAGE=/boot/vmlinuz-4.15.0-47-generic root=UUID=114c5a46-d3bd-49c0-bdf3-7990a8154029 ro console=tty1 console=ttS0
[    0.00000] emory:983076/104810K avalable 1200K kernel code, 2473K rwwdat, 4252K rodta, 248Kinit 2416K bss 6504K resrved, K cm-resered)
[   0.000000] SUB: Walign=64, Order0-3, MnObjecs=0, CPUs=2, Nods=1
[   .00000]Kernel/User pae tales isoation:enable
[    0.000000] ftrace: allocating 39206 entries in 154 pages
[   0.00400] Hierarcical RU imleentaion.
[    0.004000] 	RCU restricting CPUs from NR_CPUS=8192 to nr_cpu_ids=2.
[    0.004000] 	Tasks RCU enabled.
[    0.004000] RCU: Adjusting geometry for rcu_fanout_leaf=16, nr_cpu_ids=2
[    0.004000] NR_IRQS: 524544, nr_irqs: 440, preallocated irqs: 16
[    0.004000] Console: colour VGA+ 80x25
[    0.004000] console [tty1] enabled
[    0.004000] console [ttyS0 enabed
[   0.00000] API: ore reviion 2017831
[   0.00000]ACPI 2 APIAAMLtables sucessfuly acquired and loaded
    0.004000] APIC: Switch to symmetric I/O mode setup
[    0.004407] x2apic enabled
[    0.008006] Switched APIC routing to physical x2apic.
[    0.014016] ..TIMER: vector=0x30 apic1=0 pin1=2 apic2=-1 pin2=-1
[    0.016006] tsc: Detected 2208.000 MHz processor
[    0.020009] Calibrating delay loop (skipped) preset value.. 4416.00 BogoMIPS (lpj=8832000)
[    0.024007] pid_max: default: 32768 minimum: 301
[    0.025245] Security Framework initialized
[    0.028003] Yama: becoming mindful.
[    0.029014] AppArmor: AppArmor initialized
[    0.032059] Dentry cache hash table entries: 131072 (order: 8, 1048576 bytes)
[    0.036063] Inode-cache hash table entries: 65536 (order: 7, 524288 bytes)
[    0.037472] Mount-cache hash table entries: 2048 (order: 2, 16384 bytes)
[    0.040013] Mountpoint-cache hash table entries: 2048 (order: 2, 16384 bytes)
[    0.044252] mce: CPU supports 0 MCE banks
[    0.048022] Last level iTLB entries: 4KB 64, 2MB 8, 4MB 8
[    0.052005] Last level dTLB entries: 4KB 64, 2MB 0, 4MB 0, 1GB 4
[    0.056005] Spectre V2 : Mitigation: Full generic retpoline
[    0.060004] Spectre V2 : Spectre v2 / SpectreRSB mitigation: Filling RSB on context switch
[    0.064004] Speculative Store Bypass: Vulnerable
[    0.068211] Freeing SMP alternatives memory: 36K
[    0.076000] smpboot: CPU0: Intel(R) Core(TM) i7-8750H CPU @ 2.20GHz (family: 0x6, model: 0x9e, stepping: 0xa)
[    0.076107] Performance Events: unsupported p6 CPU model 158 no PMU driver, software events only.
[    0.080111] Hierarchical SRCU implementation.
[    0.082621] NMI watchdog: Perf event create on CPU 0 failed with -2
[    0.084006] NMI watchdog: Perf NMI watchdog permanently disabled
[    0.088067] smp: Bringing up secondary CPUs ...
[    0.092100] x86: Booting SMP configuration:
[    0.096005] .... node  #0, CPUs:      #1
[    0.004000] kvm-clock: cpu 1, msr 0:3ff44041, secondary cpu clock
[     .004000] mce: CPU supports 0 MCE banks
[    0.171339]smp: Brought up 1 node, 2 CPUs
[    0.172009] smpboot: Max logical packages: 1
[    0.176007] smpboot: Total of 2 processors activated (8832.00 BogoMIPS)
[    0.180175] devtmpfs: initialized
[    0.184072] x86/mm: Memory block size: 128MB
[    0.188205] evm: security.selinux
[    0.192007] evm: security.SMACK64
[    0.196004] evm: security.SMACK64EXEC
[    0.200004] evm: security.SMACK64TRANSMUTE
[    0.204004] evm: security.SMACK64MMAP
[    0.208004] evm: security.apparmor
[    0.212004] evm: security.ima
[    0.216004] evm: security.capability
[    0.224133] clocksource: jiffies: mask: 0xffffffff max_cycles: 0xffffffff, max_idle_ns: 7645041785100000 ns
[    0.228017] futex hash table entries: 512 (order: 3, 32768 bytes)
[    0.232090] pinctrl core: initialized pinctrl subsystem
[    0.237745] RTC time: 11:34:09, date: 04/04/19
[    0.240256] NET: Registered protocol family 16
[    0.244141] audit: initializing netlink subsys (disabled)
[    0.252007] audit: type=2000 audit(1554377628.064:1): state=initialized audit_enabled=0 res=1
[    0.264012] cpuidle: using governor ladder
[    0.268016] cpuidle: using governor menu
[    0.272056] ACPI: bus type PCI registered
[    0.276005] acpiphp: ACPI Hot Plug PCI Controller Driver version: 0.5
[    0.284022] PCI: Using configuration type 1 for base access
[    0.285999] HugeTLB registered 2.00 MiB page size, pre-allocated 0 pages
[    0.288149] ACPI: Added _OSI(Module Device)
[    0.292006] ACPI: Added _OSI(Processor Device)
[    0.296005] ACPI: Added _OSI(3.0 _SCP Extensions)
[    0.300003] ACPI: Added _OSI(Processor Aggregator Device)
[    0.304005] ACPI: Added _OSI(Linux-Dell-Video)
[    0.308006] ACPI: Added _OSI(Linux-Lenovo-NV-HDMI-Audio)
[    0.312005] ACPI: Added _OSI(Linux-HPI-Hybrid-Graphics)
[    0.320303] ACPI: Executed 1 blocks of module-level executable AML code
[    0.330452] ACPI: Interpreter enabled
[    0.332021] ACPI: (supports S0 S5)
[    0.336006] ACPI: Using IOAPIC for interrupt routing
[    0.340375] PCI: Using host bridge windows from ACPI; if necessary, use "pci=nocrs" and report a bug
[    0.344206] ACPI: Enabled 2 GPEs in block 00 to 07
[    0.353438] ACPI: PCI Root Bridge [PCI0] (domain 0000 [bus 00-ff])
[    0.356013] acpi PNP0A03:00: _OC: OS supports [ASPM ClockPM Segments MSI]
[    0.360054] acpi PNP0A03:00: _OSC: not requesting OS control; OS requires [ExtendedConfig ASPM ClockPM MSI]
[    0.364032] acpi PNP0A03:00: fail to add MMCONFIG information, can't access extended PCI configuration space under this bridge.
[    0.368703] PCI host bridge to bus 0000:00
[    0.372009] pci_bus 0000:00: root bus resource [io  0x0000-0x0cf7 window]
[    0.376010] pci_bus 0000:00: root bus resource [io  0x0d00-0xffff window]
[    0.380008] pci_bus 0000:00: root bus resource [mem 0x000a0000-0x000bffff window]
[    0.384010] pci_bus 0000:00: root bus resource [mem 0x40000000-0xfdffffff window]
[    0.388009] pci_bus 0000:00: root bus resource [bus 00-ff]
[    0.400644] pci 0000:00:01.1: legacy IDE quirk: reg 0x10: [io  0x01f0-0x01f7]
[    0.404024] pci 0000:00:01.1: legacy IDE quirk: reg 0x14: [io  0x03f6]
[    0.408007] pci 0000:00:01.1: legacy IDE quirk: reg 0x18: [io  0x0170-0x0177]
[    0.412006] pci 0000:00:01.1: legacy IDE quirk: reg 0x1c: [io  0x0376]
[    0.433837] pci 0000:00:07.0: quirk: [io  0x4000-0x403f] claimed by PIIX4 ACPI
[    0.436025] pci 0000:00:07.0: quirk: [io  0x4100-0x410f] claimed by PIIX4 SMB
[    0.450741] ACPI: PCI Interrupt Link [LNKA] (IRQs 5 9 10 *11)
[    0.452563] ACPI: PCI Interrupt Link [LNKB] (IRQs 5 9 *10 11)
[    0.460112] ACPI: PCI Interrupt Link [LNKC] (IRQs 5 *9 10 11)
[    0.464165] ACPI: PCI Interrupt Link [LNKD] (IRQs 5 9 10 *11)
[    0.465898] SCSI subsystem initialized
[    0.468043] pci 0000:00:02.0: vgaarb: setting as boot VGA device
[    0.472000] pci 0000:00:02.0: vgaarb: VGA device added: decodes=io+mem,owns=io+mem,locks=none
[    0.472009] pci 0000:00:02.0: vgaarb: bridge control possible
[    0.476004] vgaarb: loaded
[    0.480041] ACPI: bus type USB registered
[    0.484028] usbcore: registered new interface driver usbfs
[    0.488023] usbcore: registered new interface driver hub
[    0.492059] usbcore: registered new device driver usb
[    0.496096] EDAC MC: Ver: 3.0.0
[    0.504250] PCI: Using ACPI for IRQ routing
[    0.512308] NetLabel: Initializing
[    0.516005] NetLabel:  domain hash size = 128
[    0.520004] NetLabel:  protocols = UNLABELED CIPSOv4 CALIPSO
[    0.524028] NetLabel:  unlabeled traffic allowed by default
[    0.528108] clocksource: Switched to clocksource kvm-clock
[   0.627469] VFS: Disk quotas dquot_6.6.0
[    0.659214] VFS: Dquot-cache hash table entries: 51 (order 0,09 bte)[   0.864152] AppArmor: AppArmor Filesystem Enabled
[    0.921627] pnp: PnP ACPI init
[    0.924281] np PP CPI: found 3 devices

[   1.0420] loksource: acpi_pm: mask: 0xffffff max_cycles: 0xffffff, max_idle_ns: 2085701024 ns
[    1.207159] NET: Registered protocl amly
[    1.350110] CPestablihe hshabe ntie: 19 (rder: 4, 65536 bytes)
[    1.754317] TCP bind hash table entries: 8192 (order: 5, 131072 btes
  1.1747TC: as tbls ongued(etalihe 8192 bin 892
[    2.0272 UP as taleenris:51 (rder 2 138 bte)[  30859] P-tehah taleenris:51 (rdr:2,1684byes
   38060] ET Ristered rotocol family 1
[    4.099536] pci 0000:00:00.0: Limiting direct PCI/PCI transfers
[    4.101728] pci 0000:00:01.0: Activating ISA DMA hang workarounds
[    4.103958] pci 0000:00:02.0: Video device with shadowd OM at me 000c0000x00ffff][   .4838]Unacinintrmf..
[    5.172099] Freeing initrd memory: 19508K
[    5.261394] platform rtc_cmos: registered platform RTC device (no PNP device found)
[    5.266297] Scanning for low memory corruption every 60 seconds
[    5.268186] Initialise system trusted keyrings
[    5.269150] Key type blacklist registered
[    5.270077] workingset: timestamp_bits=36 max_order=18 bucket_order=0
[    5.275409] zbud: loaded
[    5.276575] squashfs: version 4.0 (2009/01/31) Phillip Lougher
[    5.277892] fuse init (API version 7.26)
[    5.285269] Key type asymmetric registered
[    5.320731] Asymmetric key parser 'x509' registered
[    5.347168] Block layer SCSI generic (bsg) driver version 0.4 loaded (major 246)
[    5.381191] io scheduler noop registered
[    5.404472] io scheduler deadline registered
[    5.424312] io scheduler cfq registered (default)
[    5.443083] ACPI: AC Adapter [AC] (off-line)
[    5.444052] input: Power Button as /devices/LNXSYSTM:00/LNXPWRBN:00/input/input0
[    5.445608] ACPI: Power Button [PWRF]
[    5.446467] input: Sleep Button as /devices/LNXSYSTM:00/LNXSLPBN:00/input/input1
[    5.447963] ACPI: Sleep Button [SLPF]
[    5.449023] Serial: 8250/16550 driver, 32 ports, IRQ sharing enabled
[    5.449889] ACPI: Battery Slot [BAT0] (battery present)
[    5.476488] 00:02: ttyS0 at I/O 0x3f8 (irq = 4, base_baud = 115200) is a 16550A
[    5.515155] Linux agpgart interface v0.103
[    5.538677] loop: module loaded
[    5.558439] scsi host0: ata_piix
[    5.577557] scsi host1: ata_piix
[    5.594979] ata1: PATA max UDMA/33 cmd 0x1f0 ctl 0x3f6 bmdma 0xd000 irq 14
[    5.634122] ata2: PATA max UDMA/33 cmd 0x170 ctl 0x376 bmdma 0xd008 irq 15
[    5.690820] libphy: Fixed MDIO Bus: probed
[    5.715973] tun: Universal TUN/TAP device driver, 1.6
[    5.742208] PPP generic driver version 2.4.2
[    5.773378] ehci_hcd: USB 2.0 'Enhanced' Host Controller (EHCI) Driver
[    5.792147] ehci-pci: EHCI PCI platform driver
[    5.793588] ehci-platform: EHCI generic platform driver
[    5.795241] ohci_hcd: USB 1.1 'Open' Host Controller (OHCI) Driver
[    5.797188] ohci-pci: OHCI PCI platform driver
[    5.798633] ohci-platform: OHCI generic platform driver
[    5.800278] uhci_hcd: USB Universal Host Controller Interface driver
[    5.802310] i8042: PNP: PS/2 Controller [PNP0303:PS2K,PNP0f03:PS2M] at 0x60,0x64 irq 1,12
[    5.805580] serio: i8042 KBD port at 0x60,0x64 irq 1
[    5.807346] serio: i8042 AUX port at 0x60,0x64 irq 12
[    5.809299] mousedev: PS/2 mouse device common for all mice
[    5.811320] input: AT Translated Set 2 keyboard as /devices/platform/i8042/serio0/input/input2
[    5.821327] rtc_cmos rtc_cmos: rtc core: registered rtc_cmos as rtc0
[    5.900782] rtc_cmos rtc_cmos: alarms up to one day, 114 bytes nvram
[    5.970832] i2c /dev entries driver
[    6.032201] pcie_mp2_amd: AMD(R) PCI-E MP2 Communication Driver Version: 1.0
[    6.17033 device-mape: evnt versin .03[   .2610] scReind SCclckouce calibratin:22.36 Hz
[    6.26811] loksurce: tsc: mask: 0xffffffffffffffff max_cycles: 0x1fd16ab33d1, max_idle_ns: 440795290184 ns
[    7.340501] device-mapper: ioctl: 4.37.0-ioctl (2017-09-20) initialised: dm-devel@redhat.com
[    7.351222] ledtrig-cpu: registered to indicate activity on CPUs
[    7.354312] NET: Registered protocol family 10
[    7.361271] Segment Routing with Iv6
[    7.432786] NET: Registered protocol family 17
[    7.452975] Key type dns_resolver registered
[    7.502309] RAS: Correctable Errors collector initialized.
[    7.504005] sched_clock: Marking stable (7502265220, 0)->(35459579561, -27957314341)
[    7.510983] registered taskstats version 1
[    7.545310] Loading compiled-in X.509 certificates
[    7.585192] Loaded X.509 cert 'Build time autogenerated kernel key: 7211859d1298c08a101905a3cb814e8c7b4bf4a4'
[    7.713236] zswap: loaded using pool lzo/zbud
[    7.762228] Key type big_key registered
[    7.802674] Key type trusted registered
[    7.854845] Key type encrypted registered
[    7.904333] AppArmor: AppArmor sha1 policy hashing enabled
[    7.960871] ima: No TPM chip found, activating TPM-bypass! (rc=-19)
[    8.024756] ima: Allocated hash algorithm: sha1
[    8.081879] evm: HMAC attrs: 0x1
[    8.124199]   Magic number: 15:481:579
[    8.169677] pci_bus 0000:00: hash matches
[    8.202907] rtc_cmos rtc_cmos: setting system clock to 2019-04-04 11:34:18 UTC (1554377658)
[    8.295028] BIOS EDD facility v0.16 2004-Jun-25, 0 devices found
[    8.399523] EDD information not available.
[    8.404765] Freeing unused kernel memory: 2408K
[    9.226396] Write protecting the kernel read-only data: 20480k
[   10.615297] Freeing unused kernel memory: 2008K
[   11.894092] Freeing unused kernel memory: 1892K
[   13.029735] x86/mm: Checked W+X mappings: passed, no W+X pages found.
[   14.442348] x86/mm: Checking user space page tables
[   15.751762] x86/mm: Checked W+X mappings: passed, no W+X pages found.
Loading, please wait...
starting version 237
[   17.474172] e1000: Intel(R) PRO/1000 Network Driver - version 7.3.21-k8-NAPI
[   17.535686] e1000: Copyright (c) 1999-2006 Intel Corporation.
[   17.601660] Fusion MPT base driver 3.04.20
[   17.612337] Copyright (c) 1999-2008 LSI Corporation
[   17.638480] AVX2 version of gcm_enc/dec engaged.
[   17.649358] AES CTR mode by8 optimization enabled
[   17.653619] Fusion MPT SPI Host driver 3.04.20
[   17.843752] input: ImExPS/2 Generic Explorer Mouse as /devices/platform/i8042/serio1/input/input4
[   18.007011] e1000 0000:00:03.0 eth0: (PCI:33MHz:32-bit) 02:7c:eb:a0:02:29
[   18.559247] e1000 0000:00:03.0 eth0: Intel(R) PRO/1000 Network Connection
[   19.321942] e1000 0000:00:08.0 eth1: (PCI:33MHz:32-bit) 08:00:27:0d:a9:bd
[   19.520884] e1000 0000:00:08.0 eth1: Intel(R) PRO/1000 Network Connection
[   19.584533] e1000 0000:00:03.0 enp0s3: renamed from eth0
[   19.635031] mptbase: ioc0: Initiating bringup
[   19.648337] e1000 0000:00:08.0 enp0s8: renamed from eth1
[   19.737146] ioc0: LSI53C1030 A0: Capabilities={Initiator}
[   20.017598] scsi host2: ioc0: LSI53C1030 A0, FwRev=00000000h, Ports=1, MaxQ=256, IRQ=20
[   20.192933] scsi 2:0:0:0: Direct-Access     VBOX     HARDDISK         1.0  PQ: 0 ANSI: 5
[   20.284392] scsi target2:0:0: Beginning Domain Validation
[   20.307168] scsi target2:0:0: Domain Validation skipping write tests
[   20.337341] scsi target2:0:0: Ending Domain Validation
[   20.371880] scsi target2:0:0: asynchronous
[   20.394981] scsi 2:0:1:0: Direct-Access     VBOX     HARDDISK         1.0  PQ: 0 ANSI: 5
[   20.460068] scsi target2:0:1: Beginning Domain Validation
[   20.469793] random: fast init done
[   20.550376] scsi target2:0:1: Domain Validation skipping write tests
[   20.599179] scsi target2:0:1: Ending Domain Validation
[   20.622724] scsi target2:0:1: asynchronous
[   20.655524] random: systemd-udevd: uninitialized urandom read (16 bytes read)
[   20.667327] sd 2:0:0:0: Attached scsi generic sg0 type 0
[   20.667546] sd 2:0:0:0: [sda] 20971520 512-byte logical blocks: (10.7 GB/10.0 GiB)
[   20.667596] sd 2:0:0:0: [sda] Write Protect is off
[   20.667700] random: systemd-udevd: uninitialized urandom read (16 bytes read)
[   20.667706] random: systemd-udevd: uninitialized urandom read (16 bytes read)
[   20.668156] sd 2:0:0:0: [sda] Incomplete mode parameter data
[   20.668158] sd 2:0:0:0: [sda] Assuming drive cache: write through
[   20.670267]  sda: sda1
[   20.671183] sd 2:0:0:0: [sda] Attached SCSI disk
[   20.838978] sd 2:0:1:0: [sdb] 20480 512-byte logical blocks: (10.5 MB/10.0 MiB)
[   21.150742] sd 2:0:1:0: Attached scsi generic sg1 type 0
[   21.150874] sd 2:0:1:0: [sdb] Write Protect is off
[   21.150982] sd 2:0:1:0: [sdb] Incomplete mode parameter data
[   21.150984] sd 2:0:1:0: [sdb] Assuming drive cache: write through
[   21.154291] sd 2:0:1:0: [sdb] Attached SCSI disk
Begin: Loading essential drivers ... [   22.984024] raid6: sse2x1   gen()  9614 MB/s
[   23.084552] raid6: sse2x1   xor()  5739 MB/s
[   23.184114] raid6: sse2x2   gen() 13007 MB/s
[   23.280031] raid6: sse2x2   xor()  8413 MB/s
[   23.372476] raid6: sse2x4   gen() 13256 MB/s
[   23.464183] raid6: sse2x4   xor()  9421 MB/s
[   23.564732] raid6: avx2x1   gen() 16910 MB/s
[   23.660371] raid6: avx2x1   xor()  9279 MB/s
[   23.764802] raid6: avx2x2   gen() 19402 MB/s
[   23.860450] raid6: avx2x2   xor() 13013 MB/s
[   23.940551] raid6: avx2x4   gen() 18814 MB/s
[   24.032287] raid6: avx2x4   xor() 16589 MB/s
[   24.095018] raid6: using algorithm avx2x2 gen() 19402 MB/s
[   24.134316] raid6: .... xor() 13013 MB/s, rmw enabled
[   24.146769] raid6: using avx2x2 recovery algorithm
[   24.181113] xor: automatically using best checksumming function   avx       
[   24.242831] async_tx: api initialized (async)
done.
Begin: Running /scripts/init-pre[   24.333232] Btrfs loaded, crc32c=crc32c-intel
mount ... done.
Begin: Mounting root file system ... Begin: Running /scripts/local-top ... done.
Begin: Running /scripts/local-premount ... Scanning for Btrfs filesystems
done.
Warning: fsck no[   24.439571] EXT4-fs (sda1): mounted filesystem with ordered data mode. Opts: (null)
t present, so skipping root file system
done.
Begin: Running /scripts/local-bottom ... done.
Begin: Running /scripts/init-bottom ... done.
[   24.711675] ip_tables: (C) 2000-2006 Netfilter Core Team
[   24.822885] systemd[1]: systemd 237 running in system mode. (+PAM +AUDIT +SELINUX +IMA +APPARMOR +SMACK +SYSVINIT +UTMP +LIBCRYPTSETUP +GCRYPT +GNUTLS +ACL +XZ +LZ4 +SECCOMP +BLKID +ELFUTILS +KMOD -IDN2 +IDN -PCRE2 default-hierarchy=hybrid)
[   25.134411] systemd[1]: Detected virtualization oracle.
[   25.173384] systemd[1]: Detected architecture x86-64.

Welcome to [1mUbuntu 18.04.1 LTS[0m!

[   25.237117] systemd[1]: Set hostname to <ubuntu-bionic>.
[   25.544844] systemd[1]: Started Forward Password Requests to Wall Directory Watch.
[[0;32m  OK  [0m] Started Forward Password Requests to Wall Directory Watch.
[   25.682161] systemd[1]: Reached target User and Group Name Lookups.
[[0;32m  OK  [0m] Reached target User and Group Name Lookups.
[   25.704941] systemd[1]: Reached target Swap.
[[0;32m  OK  [0m] Reached target Swap.
[   25.745879] systemd[1]: Created slice System Slice.
[[0;32m  OK  [0m] Created slice System Slice.
[   25.816532] systemd[1]: Listening on udev Kernel Socket.
[[0;32m  OK  [0m] Listening on udev Kernel Socket.
[   25.873196] systemd[1]: Listening on Journal Socket.
[[0;32m  OK  [0m] Listening on Journal Socket.
[[0;32m  OK  [0m] Listening on /dev/initctl Compatibility Named Pipe.
[[0;32m  OK  [0m] Listening on udev Control Socket.
[[0;32m  OK  [0m] Listening on LVM2 poll daemon socket.
         Starting Set the console keyboard layout...
[[0;32m  OK  [0m] Listening on Network Service Netlink Socket.
         Mounting POSIX Message Queue File System...
         Mounting Huge Pages File System...
[[0;32m  OK  [0m] Listening on LVM2 metadata daemon socket.
[[0;32m  OK  [0m] Listening on Device-mapper event daemon FIFOs.
         Starting Monitoring of LVM2 mirrorsâ€¦ng dmeventd or progress polling...
[[0;32m  OK  [0m] Created slice User and Session Slice.
[[0;32m  OK  [0m] Reached target Slices.
[[0;32m  OK  [0m] Listening on Syslog Socket.
         Starting udev Coldplug all Devices...
[[0;32m  OK  [0m] Listening on Journal Socket (/dev/log).
[[0;32m  OK  [0m] Created slice system-serial\x2dgetty.slice.
         Mounting Kernel Debug File System...
         Starting Uncomplicated firewall...
         Starting Create list of required stâ€¦ce nodes for the current kernel...
[[0;32m  OK  [0m] Listening on Journal Audit Socket.
         Starting Journal Service...
         Starting Remount Root and Kernel File Systems...
         [   26.830509] random: crng init done
Starting Load Ke[   26.835142] random: 7 urandom warning(s) missed due to ratelimiting
rnel Modules...
[   26.894561] EXT4-fs (sda1): re-mounted. Opts: (null)
[[0;32m  OK  [0m] Reached targ[   26.910041] Loading iSCSI transport class v2.0-870.
et System Time S[   26.974943] iscsi: registered transport (tcp)
ynchronized.
[   27.000988] iscsi: registered transport (iser)
[[0;32m  OK  [0m] Set up automount Arbitrary Executabâ€¦rmats File System Automount Point.
[[0;32m  OK  [0m] Started Journal Service.
[[0;32m  OK  [0m] Started Set the console keyboard layout.
[[0;32m  OK  [0m] Mounted POSIX Message Queue File System.
[[0;32m  OK  [0m] Mounted Huge Pages File System.
[[0;32m  OK  [0m] Mounted Kernel Debug File System.
[[0;32m  OK  [0m] Started Uncomplicated firewall.
[[0;32m  OK  [0m] Started Create list of required staâ€¦vice nodes for the current kernel.
[[0;32m  OK  [0m] Started Remount Root and Kernel File Systems.
[[0;32m  OK  [0m] Started Load Kernel Modules.
[[0;32m  OK  [0m] Started udev Coldplug all Devices.
[[0;32m  OK  [0m] Started LVM2 metadata daemon.
         Mounting Kernel Configuration File System...
         Mounting FUSE Control File System...
         Starting Apply Kernel Variables...
         Starting Initial cloud-init job (pre-networking)...
         Starting Load/Save Random Seed...
         Starting Create Static Device Nodes in /dev...
         Starting Flush Journal to Persistent Storage...
[[0;32m  OK  [0m] Started Monitoring of LVM2 mirrors,â€¦sing dmeventd or progress polling.
[[0;32m  OK  [0m] Mounted Kernel Configuration File System.
[[0;32m  OK  [0m] Mounted FUSE Control File System.
[[0;32m  OK  [0m] Started Apply Kernel Variables.
[[0;32m  OK  [0m] Started Load/Save Random Seed.
[[0;32m  OK  [0m] Started Create Static Device Nodes in /dev.
         Starting udev Kernel Device Manager...
[[0;32m  OK  [0m] Reached target Local File Systems (Pre).
[[0;32m  OK  [0m] Reached target Local File Systems.
         Starting AppArmor initialization...
         Starting Set console font and keymap...
         Starting Tell Plymouth To Write Out Runtime Data...
         Starting ebtables ruleset management...
[[0;32m  OK  [0m] Started udev Kernel Device Manager.
[[0;32m  OK  [0m] Started Set console font and keymap.
[[0;32m  OK  [0m] Started Tell Plymouth To Write Out Runtime Data.
[[0;32m  OK  [0m] Started Dispatch Password Requests to Console Directory Watch.
[[0;32m  OK  [0m] Reached target Local Encrypted Volumes.
[[0;32m  OK  [0m] Started ebtables ruleset management.
[[0;32m  OK  [0m] Found device /dev/ttyS0.
[[0;32m  OK  [0m] Listening on Load/Save RF Kill Switch Status /dev/rfkill Watch.
[[0;32m  OK  [0m] Started Flush Journal to Persistent Storage.
         Starting Create Volatile Files and Directories...
[[0;32m  OK  [0m] Started AppArmor initialization.
[[0;32m  OK  [0m] Started Create Volatile Files and Directories.
         Starting Update UTMP about System Boot/Shutdown...
[   29.363261] cloud-init[417]: Cloud-init v. 18.3-9-g2e62cb8a-0ubuntu1~18.04.2 running 'init-local' at Thu, 04 Apr 2019 11:34:38 +0000. Up 28.62 seconds.
[[0;32m  OK  [0m] Started Update UTMP about System Boot/Shutdown.
[[0;32m  OK  [0m] Started Initial cloud-init job (pre-networking).
[[0;32m  OK  [0m] Reached target Network (Pre).
         Starting Network Service...
[[0;32m  OK  [0m] Started Network Service.
         Starting Wait for Network to be Configured...
         Starting Network Name Resolution...
[[0;32m  OK  [0m] Started Network Name Resolution.
[[0;32m  OK  [0m] Reached target Network.
[[0;32m  OK  [0m] Reached target Host and Network Name Lookups.
[[0;32m  OK  [0m] Started Wait for Network to be Configured.
         Starting Initial cloud-init job (metadata service crawler)...
[   32.525480] cloud-init[695]: Cloud-init v. 18.3-9-g2e62cb8a-0ubuntu1~18.04.2 running 'init' at Thu, 04 Apr 2019 11:34:42 +0000. Up 32.25 seconds.
[   32.632354] cloud-init[695]: ci-info: ++++++++++++++++++++++++++++++++++++++Net device info+++++++++++++++++++++++++++++++++++++++
[   32.692454] cloud-init[695]: ci-info: +--------+------+-----------------------------+---------------+--------+-------------------+
[   32.760472] cloud-init[695]: ci-info: | Device |  Up  |           Address           |      Mask     | Scope  |     Hw-Address    |
[   32.816419] cloud-init[695]: ci-info: +--------+------+-----------------------------+---------------+--------+-------------------+
[[   32.936463] cloud-init[695]: ci-info: | enp0s3 | True |          10.0.2.15          | 255.255.255.0 | global | 02:7c:eb:a0:02:29 |
[   32.936697] cloud-init[695]: ci-info: | enp0s3 | True |  fe80::7c:ebff:fea0:229/64  |       .       |  link  | 02:7c:eb:a0:02:29 |
[0;32m  OK  [0m] Started Initial cloud-init job (metadata service crawler).
[   32.936948] cloud-init[695]: ci-info: | enp0s8 | True |        192.168.33.10        | 255.255.255.0 | global | 08:00:27:0d:a9:bd |
[[   33.332864] cloud-init[695]: ci-info: | enp0s8 | True | fe80::a00:27ff:fe0d:a9bd/64 |       .       |  link  | 08:00:27:0d:a9:bd |
[   33.333047] cloud-init[695]: ci-info: |   lo   | True |          127.0.0.1          |   255.0.0.0   |  host  |         .         |
[0;32m  OK  [0m] Reached target Network is Online.
[   33.333397] cloud-init[695]: ciiinfo: |   lo   | True |           ::1/128           |       .       |  host  |         .         |
[[0;32m  OK  [0m[   33.676464] ] cloud-initReached target Remote File Systems (Pre).[695]: 
ci-info: +--------+------+-----------------------------+---------------+--------+-------------------+
[[   33.776839] cloud-init[695]: ci-info: +++++++++++++++++++++++++++++Route IPv4 info+++++++++++++++++++++++++++++
[   33.777014] cloud-init[695]: ci-info: +-------+--------------+----------+-----------------+-----------+-------+
[0;32m  OK  [0m] Reached target Remote File Systems.
[   33.777223] cloud-init[695]: ci-info: | Route | Destination  | Gateway  |     Genmask     | Interface | Flags |
         Starting Availability of block devices...[   33.974361] cloud-init[695]: ci-info: +-------+--------------+----------+-----------------+-----------+-------+
[   33.975877] cloud-init[695]: ci-info: |   0   |   0.0.0.0    | 10.0.2.2 |     0.0.0.0     |   enp0s3  |   UG  |

[   33.976281] cloud-init[695]: ci-info: |   1   |   10.0.2.0   | 0.0.0.0  |  255.255.255.0  |   enp0s3  |   U   |
[[   34.141279] cloud-init[695]: ci-info: |   2   |   10.0.2.2   | 0.0.0.0  | 255.255.255.255 |   enp0s3  |   UH  |
[   34.141489] cloud-init[695]: ci-info: |   3   | 192.168.33.0 | 0.0.0.0  |  255.255.255.0  |   enp0s8  |   U   |
[0;32m  OK  [0m] Reached target Cloud-config availability.
[[   34.141693] cloud-init[695]: ci-info: +-------+--------------+----------+-----------------+-----------+-------+
[   34.425178] cloud-init[695]: ci-info: +++++++++++++++++++Route IPv6 info+++++++++++++++++++
[0;32m  OK  [0m] Reached target System Initialization.
[   34.426414] cloud-init[695]: ci-info: +-------+-------------+---------+-----------+-------+
[[0;32m  OK  [0m[   34.756810] ] cloud-initListening on UUID daemon activation socket.[695]: 
ci-info: | Route | Destination | Gateway | Interface | Flags |
[[   34.852441] cloud-init[695]: ci-info: +-------+-------------+---------+-----------+-------+
[   34.852641] cloud-init[695]: ci-info: |   1   |  fe80::/64  |    ::   |   enp0s8  |   U   |
[0;32m  OK  [0m] Started ACPI Events Check.
[   34.853644] cloud-init[695]: ci-info: |   2   |  fe80::/64  |    ::   |   enp0s3  |   U   |
[   35.073074] cloud-init[695]: ci-info: |   4   |    local    |    ::   |   enp0s3  |   U   |
[[0;32m  OK  [0m] Reached target Paths.
[   35.073352] cloud-init[695]: ci-info: |   5   |    local    |    ::   |   enp0s8  |   U   |
[[   35.301384] cloud-init[695]: ci-info: |   6   |   ff00::/8  |    ::   |   enp0s8  |   U   |
[   35.301509] cloud-init[695]: ci-info: |   7   |   ff00::/8  |    ::   |   enp0s3  |   U   |
[0;32m  OK  [0m] Listening on ACPID Listen Socket.
[   35.301672] cloud-init[695]: ci-info: +-------+-------------+---------+-----------+-------+
[[0;32m  OK  [0m] Listening on Open-iSCSI iscsid Socket.
[[0;32m  OK  [0m] Started Daily apt download activities.
[[0;32m  OK  [0m] Started Daily apt upgrade and clean activities.
         Starting Socket activation for snappy daemon.
[[0;32m  OK  [0m] Started Discard unused blocks once a week.
[[0;32m  OK  [0m] Started Daily Cleanup of Temporary Directories.
[[0;32m  OK  [0m] Started Message of the Day.
[[0;32m  OK  [0m] Reached target Timers.
[[0;32m  OK  [0m] Listening on D-Bus System Message Bus Socket.
         Starting LXD - unix socket.
[[0;32m  OK  [0m] Started Availability of block devices.
[[0;32m  OK  [0m] Listening on Socket activation for snappy daemon.
[[0;32m  OK  [0m] Listening on LXD - unix socket.
[[0;32m  OK  [0m] Reached target Sockets.
[[0;32m  OK  [0m] Reached target Basic System.
[[0;32m  OK  [0m] Started Unattended Upgrades Shutdown.
         Starting System Logging Service...
[[0;32m  OK  [0m] Started Deferred execution scheduler.
         Starting Accounts Service...
         Starting LSB: automatic crash report generation...
         Starting Dispatcher daemon for systemd-networkd...
         Starting Login Service...
[[0;32m  OK  [0m] Started Regular background program processing daemon.
[[0;32m  OK  [0m] Started D-Bus System Message Bus.
[[0;32m  OK  [0m] Started Login Service.
         Starting Snappy daemon...
         Starting Permit User Sessions...
         Starting vboxadd.service...
         Starting OpenBSD Secure Shell server...
         Starting LXD - container startup/shutdown...
[[0;32m  OK  [0m] Started irqbalance daemon.
         Starting LSB: Record successful boot for GRUB...
[[0;32m  OK  [0m] Started FUSE filesystem for LXC.
[[0;32m  OK  [0m] Started System Logging Service.
[[0;32m  OK  [0m] Started Dispatcher daemon for systemd-networkd.
[[0;32m  OK  [0m] Started Snappy daemon.
[[0;32m  OK  [0m] Started Permit User Sessions.
[[0;32m  OK  [0m] Started vboxadd.service.
[[0;32m  OK  [0m] Started LXD - container startup/shutdown.
[[0;32m  OK  [0m] Started OpenBSD Secure Shell server.
         Starting Authorization Manager...
         Starting vboxadd-service.service...
         Starting Hold until boot process finishes up...
         Starting Terminate Plymouth Boot Screen...
         Starting Wait until snapd is fully seeded...
[[0;32m  OK  [0m] Started LSB: automatic crash report generation.
[[0;32m  OK  [0m] Started LSB: Record successful boot for GRUB.
[[0;32m  OK  [0m] Started vboxadd-service.service.
[[0;32m  OK  [0m] Started Hold until boot process finishes up.
[[0;32m  OK  [0m] Started Terminate Plymouth Boot Screen.
[[0;32m  OK  [0m] Started Wait until snapd is fully seeded.
[[0;32m  OK  [0m] Started Authorization Manager.
[[0;32m  OK  [0m] Started Accounts Service.
         Starting Apply the settings specified in cloud-config...
         Starting Set console scheme...
[[0;32m  OK  [0m] Started Serial Getty on ttyS0.
[[0;32m  OK  [0m] Started Set console scheme.
[[0;32m  OK  [0m] Created slice system-getty.slice.
[[0;32m  OK  [0m] Started Getty on tty1.
[[0;32m  OK  [0m] Reached target Login Prompts.
[[0;32m  OK  [0m] Reached target Multi-User System.
[[0;32m  OK  [0m] Reached target Graphical Interface.
         Starting Update UTMP about System Runlevel Changes...
[[0;32m  OK  [0m] Started Update UTMP about System Runlevel Changes.
[   38.568354] cloud-init[1202]: Cloud-init v. 18.3-9-g2e62cb8a-0ubuntu1~18.04.2 running 'modules:config' at Thu, 04 Apr 2019 11:34:48 +0000. Up 38.35 seconds.
[[0;32m  OK  [0m] Created slice User Slice of vagrant.
[[0;32m  OK  [0m] Started Apply the settings specified in cloud-config.
         Starting User Manager for UID 1000...
         Starting Execute cloud user/final scripts...
[[0;32m  OK  [0m] Started Session 1 of user vagrant.
[[0;32m  OK  [0m] Started User Manager for UID 1000.
[   39.612564] cloud-init[1294]: Cloud-init v. 18.3-9-g2e62cb8a-0ubuntu1~18.04.2 running 'modules:final' at Thu, 04 Apr 2019 11:34:49 +0000. Up 39.39 seconds.
[   39.647863] cloud-init[1294]: Cloud-init v. 18.3-9-g2e62cb8a-0ubuntu1~18.04.2 finished at Thu, 04 Apr 2019 11:34:49 +0000. Datasource DataSourceNoCloud [seed=/dev/sdb][dsmode=net].  Up 39.60 seconds
[[0;32m  OK  [0m] Started Execute cloud user/final scripts.
[[0;32m  OK  [0m] Reached target Cloud-init target.

Ubuntu 18.04.1 LTS ubuntu-bionic ttyS0

ubuntu-bionic login: [[0;32m  OK  [0m] Stopped target Timers.;[[0;32m  OK  [0m] Unmounted /var/lib/lxcfs.
[[0;32m  OK  [0m] Stopped System Logging Service.
[[0;32m  OK  [0m] Stopped Deferred execution scheduler.
[[0;32m  OK  [0m] Stopped Accounts Service.
[[0;32m  OK  [0m] Stopped Dispatcher daemon for systemd-networkd.
[[0;32m  OK  [0m] Stopped Regular background program processing daemon.
[[0;32m  OK  [0m] Stopped irqbalance daemon.
[[0;32m  OK  [0m] Stopped OpenBSD Secure Shell server.
[[0;32m  OK  [0m] Stopped Authorization Manager.
[[0;32m  OK  [0m] Stopped Serial Getty on ttyS0.
[[0;32m  OK  [0m] Stopped Getty on tty1.
[[0;32m  OK  [0m] Stopped User Manager for UID 1000.
[[0;32m  OK  [0m] Stopped Availability of block devices.
[[0;32m  OK  [0m] Stopped D-Bus System Message Bus.
[[0;32m  OK  [0m] Stopped Unattended Upgrades Shutdown.
[[0;32m  OK  [0m] Stopped vboxadd-service.service.
[[0;32m  OK  [0m] Stopped FUSE filesystem for LXC.
[[0;32m  OK  [0m] Stopped Session 3 of user vagrant.
         Stopping vboxadd.service...
[[0;32m  OK  [0m] Removed slice system-getty.slice.
[[0;32m  OK  [0m] Removed slice system-serial\x2dgetty.slice.
[[0;32m  OK  [0m] Unmounted /vagrant.
[[0;32m  OK  [0m] Stopped LXD - container startup/shutdown.
[[0;32m  OK  [0m] Stopped vboxadd.service.
[[0;32m  OK  [0m] Stopped Session 7 of user vagrant.
[[0;32m  OK  [0m] Removed slice User Slice of vagrant.
         Stopping Login Service...
         Stopping Permit User Sessions...
[[0;32m  OK  [0m] Stopped LSB: Record successful boot for GRUB.
[[0;32m  OK  [0m] Stopped Login Service.
[[0;32m  OK  [0m] Stopped LSB: automatic crash report generation.
[[0;32m  OK  [0m] Stopped Permit User Sessions.
[[0;32m  OK  [0m] Stopped target Network.
         Stopping Network Name Resolution...
[[0;32m  OK  [0m] Stopped target Remote File Systems.
[[0;32m  OK  [0m] Stopped target Remote File Systems (Pre).
[[0;32m  OK  [0m] Stopped target User and Group Name Lookups.
[[0;32m  OK  [0m] Stopped target Basic System.
[[0;32m  OK  [0m] Stopped target Sockets.
[[0;32m  OK  [0m] Closed D-Bus System Message Bus Socket.
[[0;32m  OK  [0m] Closed Syslog Socket.
[[0;32m  OK  [0m] Closed Open-iSCSI iscsid Socket.
[[0;32m  OK  [0m] Closed LXD - unix socket.
[[0;32m  OK  [0m] Closed ACPID Listen Socket.
[[0;32m  OK  [0m] Closed UUID daemon activation socket.
[[0;32m  OK  [0m] Closed Socket activation for snappy daemon.
[[0;32m  OK  [0m] Stopped target Paths.
[[0;32m  OK  [0m] Stopped ACPI Events Check.
[[0;32m  OK  [0m] Stopped target Slices.
[[0;32m  OK  [0m] Removed slice User and Session Slice.
[[0;32m  OK  [0m] Stopped target System Initialization.
         Stopping Update UTMP about System Boot/Shutdown...
         Stopping Load/Save Random Seed...
[[0;32m  OK  [0m] Stopped target Local Encrypted Volumes.
[[0;32m  OK  [0m] Stopped Dispatch Password Requests to Console Directory Watch.
[[0;32m  OK  [0m] Stopped Forward Password Requests to Wall Directory Watch.
[[0;32m  OK  [0m] Stopped Initial cloud-init job (metadata service crawler).
[[0;32m  OK  [0m] Stopped Network Name Resolution.
[[0;32m  OK  [0m] Stopped Load/Save Random Seed.
         Stopping Network Service...
[[0;32m  OK  [0m] Stopped Update UTMP about System Boot/Shutdown.
[[0;32m  OK  [0m] Stopped Network Service.
[[0;32m  OK  [0m] Stopped Apply Kernel Variables.
[[0;32m  OK  [0m] Stopped Load Kernel Modules.
[[0;32m  OK  [0m] Stopped target Network (Pre).
[[0;32m  OK  [0m] Stopped Initial cloud-init job (pre-networking).
[[0;32m  OK  [0m] Stopped Create Volatile Files and Directories.
[[0;32m  OK  [0m] Stopped target Local File Systems.
         Unmounting /run/user/1000...
[[0;32m  OK  [0m] Unmounted /run/user/1000.
[[0;32m  OK  [0m] Reached target Unmount All Filesystems.
[[0;32m  OK  [0m] Stopped target Swap.
[[0;32m  OK  [0m] Stopped target Local File Systems (Pre).
[[0;32m  OK  [0m] Stopped Remount Root and Kernel File Systems.
         Stopping Monitoring of LVM2 mirrorsâ€¦ng dmeventd or progress polling...
[[0;32m  OK  [0m] Stopped Create Static Device Nodes in /dev.
[[0;32m  OK  [0m] Reached target Shutdown.
[[0;32m  OK  [0m] Reached target Final Step.
         Starting Power-Off...
[[0;32m  OK  [0m] Stopped Monitoring of LVM2 mirrors,â€¦sing dmeventd or progress polling.
         Stopping LVM2 metadata daemon...
[[0;32m  OK  [0m] Stopped LVM2 metadata daemon.
[ 8168.514728] reboot: Power down
